// Jest Snapshot v1, https://goo.gl/fbAQLP

exports[`Testing al cliente Es Cesario 1`] = `
Object {
  "balance": 500,
  "nombre": "Cesario Nivar",
  "tipo": "Premium",
}
`;
